<html>
<body>
<pre>
<h1>µVision Build Log</h1>
<h2>Tool Versions:</h2>
IDE-Version: ¦ÌVision V5.38.0.0
Copyright (C) 2022 ARM Ltd and ARM Germany GmbH. All rights reserved.
License Information: 1 1, 1, LIC=65ISZ-JYF4H-302NC-7VFPA-F28WP-P7LZ9
 
Tool Versions:
Toolchain:       MDK-ARM Plus  Version: 5.38.0.0
Toolchain Path:  D:\APP\MDK\ARM\ARMCLANG\Bin
C Compiler:      ArmClang.exe V6.19
Assembler:       Armasm.exe V6.19
Linker/Locator:  ArmLink.exe V6.19
Library Manager: ArmAr.exe V6.19
Hex Converter:   FromElf.exe V6.19
CPU DLL:         SARMCM3.DLL V5.38.0.0
Dialog DLL:      DCM.DLL V1.17.5.0
Target DLL:      STLink\ST-LINKIII-KEIL_SWO.dll V3.1.0.0
Dialog DLL:      TCM.DLL V1.56.4.0
 
<h2>Project:</h2>
D:\stm32\CubeMxProject\fmac2.2.9.6\STM32G474RB_DCDC_V2.1_FMAC\MDK-ARM\RM2025_SuperCapController_G4_FMAC.uvprojx
Project File Date:  06/11/2025

<h2>Output:</h2>
*** Using Compiler 'V6.19', folder: 'D:\APP\MDK\ARM\ARMCLANG\Bin'
Build target 'RM2025_SuperCapController_G4_FMAC'
compiling Pid.c...
compiling CanBusTask.c...
linking...
Program Size: Code=47600 RO-data=1048 RW-data=272 ZI-data=46176  
FromELF: creating hex file...
"RM2025_SuperCapController_G4_FMAC\RM2025_SuperCapController_G4_FMAC.axf" - 0 Error(s), 0 Warning(s).

<h2>Software Packages used:</h2>

Package Vendor: ARM
                http://www.keil.com/pack/ARM.CMSIS.5.9.0.pack
                ARM.CMSIS.5.9.0
                CMSIS (Common Microcontroller Software Interface Standard)
   * Component: CORE Version: 5.6.0

Package Vendor: Keil
                https://www.keil.com/pack/Keil.STM32G4xx_DFP.1.6.0.pack
                Keil.STM32G4xx_DFP.1.6.0
                STMicroelectronics STM32G4 Series Device Support, Drivers and Examples

<h2>Collection of Component include folders:</h2>
  ./RTE/_RM2025_SuperCapController_G4_FMAC
  D:/APP/MDK/ARM/Packs/ARM/CMSIS/5.9.0/CMSIS/Core/Include
  D:/APP/MDK/ARM/Packs/Keil/STM32G4xx_DFP/1.6.0/Drivers/CMSIS/Device/ST/STM32G4xx/Include

<h2>Collection of Component Files used:</h2>

   * Component: ARM::CMSIS:CORE:5.6.0
      Include file:  CMSIS/Core/Include/tz_context.h
Build Time Elapsed:  00:00:02
</pre>
</body>
</html>
